---
source: src/ui/line/item.rs
expression: new_item(RG_JSON_MATCH).to_span_lines(&ctx)
---
[
    Spans(
        [
            Span {
                content: "197:",
                style: Style {
                    fg: Some(
                        DarkGray,
                    ),
                    bg: None,
                    add_modifier: (empty),
                    sub_modifier: (empty),
                },
            },
            Span {
                content: "    ",
                style: Style {
                    fg: None,
                    bg: None,
                    add_modifier: (empty),
                    sub_modifier: (empty),
                },
            },
            Span {
                content: "rg_msg(new)",
                style: Style {
                    fg: Some(
                        Green,
                    ),
                    bg: None,
                    add_modifier: (empty),
                    sub_modifier: (empty),
                },
            },
            Span {
                content: "::new(",
                style: Style {
                    fg: None,
                    bg: None,
                    add_modifier: (empty),
                    sub_modifier: (empty),
                },
            },
            Span {
                content: "rg_msg(new)",
                style: Style {
                    fg: Some(
                        Green,
                    ),
                    bg: None,
                    add_modifier: (empty),
                    sub_modifier: (empty),
                },
            },
            Span {
                content: ")",
                style: Style {
                    fg: None,
                    bg: None,
                    add_modifier: (empty),
                    sub_modifier: (empty),
                },
            },
        ],
    ),
]
