---
source: src/ui/line/item.rs
expression: new_item(RG_JSON_MATCH_MULTILINE).to_span_lines(&ctx)
---
[
    Line {
        spans: [
            Span {
                content: "3:",
                style: Style {
                    fg: Some(
                        DarkGray,
                    ),
                    bg: None,
                    underline_color: None,
                    add_modifier: NONE,
                    sub_modifier: NONE,
                },
            },
            Span {
                content: "baz ",
                style: Style {
                    fg: None,
                    bg: None,
                    underline_color: None,
                    add_modifier: NONE,
                    sub_modifier: NONE,
                },
            },
            Span {
                content: "1",
                style: Style {
                    fg: Some(
                        Black,
                    ),
                    bg: Some(
                        Red,
                    ),
                    underline_color: None,
                    add_modifier: NONE,
                    sub_modifier: NONE,
                },
            },
        ],
        alignment: None,
    },
    Line {
        spans: [
            Span {
                content: "4:",
                style: Style {
                    fg: Some(
                        DarkGray,
                    ),
                    bg: None,
                    underline_color: None,
                    add_modifier: NONE,
                    sub_modifier: NONE,
                },
            },
            Span {
                content: "22",
                style: Style {
                    fg: Some(
                        Black,
                    ),
                    bg: Some(
                        Red,
                    ),
                    underline_color: None,
                    add_modifier: NONE,
                    sub_modifier: NONE,
                },
            },
        ],
        alignment: None,
    },
    Line {
        spans: [
            Span {
                content: "5:",
                style: Style {
                    fg: Some(
                        DarkGray,
                    ),
                    bg: None,
                    underline_color: None,
                    add_modifier: NONE,
                    sub_modifier: NONE,
                },
            },
            Span {
                content: "333",
                style: Style {
                    fg: Some(
                        Black,
                    ),
                    bg: Some(
                        Red,
                    ),
                    underline_color: None,
                    add_modifier: NONE,
                    sub_modifier: NONE,
                },
            },
            Span {
                content: " bar ",
                style: Style {
                    fg: None,
                    bg: None,
                    underline_color: None,
                    add_modifier: NONE,
                    sub_modifier: NONE,
                },
            },
            Span {
                content: "4444",
                style: Style {
                    fg: Some(
                        Black,
                    ),
                    bg: Some(
                        Red,
                    ),
                    underline_color: None,
                    add_modifier: NONE,
                    sub_modifier: NONE,
                },
            },
            Span {
                content: "",
                style: Style {
                    fg: None,
                    bg: None,
                    underline_color: None,
                    add_modifier: NONE,
                    sub_modifier: NONE,
                },
            },
        ],
        alignment: None,
    },
]
