---
source: src/ui/line/item.rs
expression: new_item(RG_JSON_MATCH_MULTILINE).to_span_lines(&ctx)
---
[
    Line::from_iter([
        Span::from("3:").dark_gray(),
        Span::from("baz "),
        Span::from("1").black().on_red(),
    ]),
    Line::from_iter([
        Span::from("4:").dark_gray(),
        Span::from("22").black().on_red(),
    ]),
    Line::from_iter([
        Span::from("5:").dark_gray(),
        Span::from("333").black().on_red(),
        Span::from(" bar "),
        Span::from("4444").black().on_red(),
        Span::default(),
    ]),
]
