---
source: src/ui/line/item.rs
expression: new_item(RG_JSON_MATCH).to_span_lines(&ctx)
---
[
    Line::from_iter([
        Span::from("197:").dark_gray(),
        Span::from("    "),
        Span::from("Item").black().on_red(),
        Span::from("::new("),
        Span::from("rg_msg").black().on_red(),
        Span::from(")"),
    ]),
]
