---
source: src/ui/line/item.rs
expression: new_item(RG_JSON_MATCH_LINE_WRAP_MULTI).to_span_lines(&ctx)
---
[
    Line::from_iter([
        Span::from("1:").dim(),
        Span::from("foo foo foo foo foo "),
        Span::from("bar").red().crossed_out(),
        Span::from("zip").green(),
    ]),
    Line::from_iter([
        Span::from("+:").dim(),
        Span::from("zap").green(),
        Span::from(" foo foo foo foo foo "),
        Span::from("bar").red().crossed_out(),
        Span::from("zip").green(),
    ]),
    Line::from_iter([
        Span::from("+:").dim(),
        Span::from("zap").green(),
        Span::from(" foo foo foo foo foo "),
        Span::from("bar").red().crossed_out(),
        Span::from("zip").green(),
    ]),
    Line::from_iter([
        Span::from("+:").dim(),
        Span::from("zap").green(),
        Span::from(" foo foo foo foo foo "),
        Span::from("bar").red().crossed_out(),
        Span::from("zip").green(),
    ]),
    Line::from_iter([
        Span::from("+:").dim(),
        Span::from("zap").green(),
        Span::from(" foo foo foo foo foo "),
        Span::from("bar").red().crossed_out(),
        Span::from("zip").green(),
    ]),
    Line::from_iter([
        Span::from("+:").dim(),
        Span::from("zap").green(),
        Span::from(" foo foo foo foo foo "),
        Span::from("bar").red().crossed_out(),
        Span::from("zip").green(),
    ]),
    Line::from_iter([
        Span::from("+:").dim(),
        Span::from("zap").green(),
        Span::from(" foo foo foo foo foo "),
        Span::from("bar").red().crossed_out(),
        Span::from("zip").green(),
    ]),
    Line::from_iter([
        Span::from("+:").dim(),
        Span::from("zap").green(),
        Span::default(),
    ]),
]
